## PROVEAN v1.1 output ##
# Query sequence file:	human.aa
# Variation file:	chunk_20.var
# Protein database:	/media/aswin/gene_loss/APOBEC1/bird_mammal_A1_comparison/blast_nr_v4/nr
[20:32:18] searching related sequences...
[20:58:35] clustering subject sequences...
# Number of clusters:	30
# Number of supporting sequences used:	232
[20:58:38] computing delta alignment scores...
## PROVEAN scores ##
# VARIATION	SCORE
P161N	-6.386
P161Q	-5.534
P161Q	-5.534
P161R	-6.178
G162A	-3.476
G162E	-4.418
G162S	-2.826
G162K	-4.572
D163E	1.121
D163Q	0.693
D163del	-8.984
D163A	-1.529
D163G	-1.625
D163K	0.404
D163K	0.404
D163E	1.121
D163N	0.498
D163Q	0.693
D163S	-0.191
E164D	-2.275
E164V	-5.518
E164G	-5.512
E164D	-2.275
E164A	-4.649
A165D	-2.232
A165E	-1.712
A165H	-3.133
A165C	-2.542
A165G	-2.238
A165I	-2.592
A165N	-2.488
A165V	-1.820
A165Y	-3.427
