## PROVEAN v1.1 output ##
# Query sequence file:	human.aa
# Variation file:	chunk_27.var
# Protein database:	/media/aswin/gene_loss/APOBEC1/bird_mammal_A1_comparison/blast_nr_v4/nr
[20:32:18] searching related sequences...
[20:58:35] clustering subject sequences...
# Number of clusters:	30
# Number of supporting sequences used:	232
[20:58:38] computing delta alignment scores...
## PROVEAN scores ##
# VARIATION	SCORE
W199C	0.283
W199H	2.634
W199N	0.355
W199R	0.899
W199Y	1.775
W199K	0.489
Q200del	-9.142
Q200S	-2.940
N201del	-7.980
N201K	-1.630
N201H	-1.420
N201D	-1.644
N201P	-2.951
N201Y	-3.122
H202del	-7.065
H202Q	3.345
H202R	0.805
H202P	-0.629
L203del	-9.975
L203H	-4.880
T204del	-9.912
T204A	-2.305
T204I	-3.164
T204V	-2.555
F205del	-9.242
F205L	-1.515
F205W	-2.534
F205I	-1.871
F205V	-2.525
F206del	-9.242
F206Y	-2.086
