

w (dN/dS) for branches:  0.72748 0.62143 0.84056 0.59504


 [01;31m[K/-----------------------------------------------------------------------------------------------------------------------------------------------------------------------------------------------------------------+ Struthio camelus (Unlabelled) #0.727479           [m[K
 |                                                                                                                                                                                                                                                        
 |                     [01;31m[K/-------------------------------------------------------------------------------------------------------------------------------------------------------------------------------------------+ Tinamus guttatus (Unlabelled) #0.727479           [m[K
 |                     |                                                                                                                                                                                                                                  
 |          /----------+ #0.727479[01;31m[K/--------------------------------------------------------------------------------------------------------------------------------------------------------------------------------+ Apteryx rowi (Unlabelled) #0.727479               [m[K
 |          |          |          |                                                                                                                                                                                                                       
 |          |          \----------+ #0.727479[01;31m[K/---------------------------------------------------------------------------------------------------------------------------------------------------------------------+ Casuarius casuarius (Unlabelled) #0.727479        [m[K
 +----------+ #0.727479           \----------+ #0.727479                                                                                                                                                                                                  
 |          |                                [01;31m[K\---------------------------------------------------------------------------------------------------------------------------------------------------------------------+ Dromaius novaehollandiae (Unlabelled) #0.727479   [m[K
 |          |                                                                                                                                                                                                                                             
 |          [01;31m[K\------------------------------------------------------------------------------------------------------------------------------------------------------------------------------------------------------+ Rhea americana (Unlabelled) #0.727479             [m[K
 |                                                                                                                                                                                                                                                        
 |                                                      [01;34m[K/----------------------------------------------------------------------------------------------------------------------------------------------------------+ Tauraco erythrolophus (#3 - Functional) #0.59504       [m[K
 |                                           /----------+ #0.59504                                                                                                                                                                                        
 |                                           |          [01;34m[K\----------------------------------------------------------------------------------------------------------------------------------------------------------+ Corythaeola cristata (#3 - Functional) #0.59504        [m[K
 |                                           |                                                                                                                                                                                                            
 |                                /----------+ #0.59504            [01;34m[K/-----------------------------------------------------------------------------------------------------------------------------------------------+ Chaetura pelagica (#3 - Functional) #0.59504           [m[K
 |                                |          |          /----------+ #0.59504                                                                                                                                                                             
 |                                |          \----------+ #0.59504 [01;34m[K\-----------------------------------------------------------------------------------------------------------------------------------------------+ Calypte anna (#3 - Functional) #0.59504                [m[K
 |                                |                     |                                                                                                                                                                                                 
 |                                |                     [01;34m[K\----------------------------------------------------------------------------------------------------------------------------------------------------------+ Caprimulgus europaeus (#3 - Functional) #0.59504       [m[K
 |                                |                                                                                                                                                                                                                       
 |                                |                                                                                        [01;34m[K/---------------------------------------------------------------------------------------+ Egretta garzetta (#3 - Functional) #0.59504            [m[K
 |                                |                                                                                        |                                                                                                                              
 |                                |                                                                             /----------+ #0.59504 [01;34m[K/----------------------------------------------------------------------------+ Aptenodytes forsteri (#3 - Functional) #0.59504        [m[K
 |                                |                                                                             |          \----------+ #0.59504                                                                                                          
 |                                |                                                                 /-----------+ #0.59504            [01;34m[K\----------------------------------------------------------------------------+ Fulmarus glacialis (#3 - Functional) #0.59504          [m[K
 |                                |                                                                 |           |                                                                                                                                         
 |                                |                                                                 |           [01;34m[K\--------------------------------------------------------------------------------------------------+ Gavia stellata (#3 - Functional) #0.59504              [m[K
 |                                |                                                      /----------+ #0.59504                                                                                                                                            
 |                                |                                                      |          |                      [01;34m[K/---------------------------------------------------------------------------------------+ Eurypyga helias (#3 - Functional) #0.59504             [m[K
 |                                |                                                      |          |           /----------+ #0.59504                                                                                                                     
 |                                |                                                      |          \-----------+ #0.59504 [01;34m[K\---------------------------------------------------------------------------------------+ Rhynochetos jubatus (#3 - Functional) #0.59504         [m[K
 |                                |                                           /----------+ #0.59504             |                                                                                                                                         
 |                                |                                           |          |                      [01;34m[K\--------------------------------------------------------------------------------------------------+ Phaethon lepturus (#3 - Functional) #0.59504           [m[K
 |                                |                                           |          |                                                                                                                                                                
 |                                |                                /----------+ #0.59504 [01;34m[K\-------------------------------------------------------------------------------------------------------------------------+ Atlantisia rogersi (#3 - Functional) #0.59504          [m[K
 |                                |                                |          |                                                                                                                                                                           
 |                                |                                |          |          [01;34m[K/-------------------------------------------------------------------------------------------------------------------------+ Calidris pugnax (#3 - Functional) #0.59504             [m[K
 |                     /----------+ #0.727479                      |          \----------+ #0.59504                                                                                                                                                       
 |                     |          |                                |                     [01;34m[K\-------------------------------------------------------------------------------------------------------------------------+ Charadrius vociferus (#3 - Functional) #0.59504        [m[K
 |                     |          |                     /----------+ #0.727479                                                                                                                                                                            
 |                     |          |                     |          |                                [01;34m[K/--------------------------------------------------------------------------------------------------------------+ Mesitornis unicolor (#3 - Functional) #0.59504         [m[K
 |                     |          |                     |          |                     /----------+ #0.727479                                                                                                                                           
 |                     |          |                     |          |          /----------+ #0.727479[01;31m[K\--------------------------------------------------------------------------------------------------------------+ Pterocles gutturalis (Unlabelled) #0.727479       [m[K
 |                     |          |                     |          |          |          |                                                                                                                                                                
 |                     |          |                     |          |          |          [01;34m[K\-------------------------------------------------------------------------------------------------------------------------+ Columba livia (#3 - Functional) #0.59504               [m[K
 |                     |          |          /----------+ #0.727479\----------+ #0.727479                                                                                                                                                                 
 |                     |          |          |          |                     |          [01;34m[K/-------------------------------------------------------------------------------------------------------------------------+ Podilymbus podiceps (#3 - Functional) #0.59504         [m[K
 |                     |          |          |          |                     \----------+ #0.59504                                                                                                                                                       
=+                     |          |          |          |                                [01;34m[K\-------------------------------------------------------------------------------------------------------------------------+ Phoenicopterus ruber (#3 - Functional) #0.59504        [m[K
 |                     |          |          |          |                                                                                                                                                                                                 
 |                     |          |          |          [01;34m[K\----------------------------------------------------------------------------------------------------------------------------------------------------------+ Opisthocomus hoazin (#3 - Functional) #0.59504         [m[K
 |                     |          |          |                                                                                                                                                                                                            
 |                     |          |          |                                                      [01;34m[K/--------------------------------------------------------------------------------------------------------------+ Merops nubicus (#3 - Functional) #0.59504              [m[K
 |                     |          |          |                                           /----------+ #0.59504                                                                                                                                            
 |                     |          |          |                                /----------+ #0.59504 [01;34m[K\--------------------------------------------------------------------------------------------------------------+ Galbula dea (#3 - Functional) #0.59504                 [m[K
 |                     |          |          |                                |          |                                                                                                                                                                
 |                     |          |          |                     /----------+ #0.59504 [01;34m[K\-------------------------------------------------------------------------------------------------------------------------+ Apaloderma vittatum (#3 - Functional) #0.59504         [m[K
 |                     |          |          |                     |          |                                                                                                                                                                           
 |                     |          |          |                     |          [01;34m[K\------------------------------------------------------------------------------------------------------------------------------------+ Colius striatus (#3 - Functional) #0.59504             [m[K
 |                     |          |          |          /----------+ #0.727479                                                                                                                                                                            
 |                     |          |          |          |          |          [01;34m[K/------------------------------------------------------------------------------------------------------------------------------------+ Aquila chrysaetos chrysaetos (#3 - Functional) #0.59504[m[K
 |                     |          \----------+ #0.727479|          |          |                                                                                                                                                                           
 |                     |                     |          |          \----------+ #0.727479[01;31m[K/-------------------------------------------------------------------------------------------------------------------------+ Cathartes aura (Unlabelled) #0.727479             [m[K
 |                     |                     |          |                     \----------+ #0.727479                                                                                                                                                      
 |                     |                     |          |                                [01;31m[K\-------------------------------------------------------------------------------------------------------------------------+ Gymnogyps californianus (Unlabelled) #0.727479    [m[K
 |                     |                     |          |                                                                                                                                                                                                 
 |                     |                     |          |                                           [01;34m[K/--------------------------------------------------------------------------------------------------------------+ Melopsittacus undulatus (#3 - Functional) #0.59504     [m[K
 |                     |                     |          |                                /----------+ #0.59504                                                                                                                                            
 |                     |                     |          |                                |          [01;34m[K\--------------------------------------------------------------------------------------------------------------+ Nestor notabilis (#3 - Functional) #0.59504            [m[K
 |                     |                     |          |                                |                                                                                                                                                                
 |          /----------+ #0.727479           |          |                                |                                            [01;34m[K/----------------------------------------------------------------------------+ Stachyris ruficeps (#3 - Functional) #0.59504          [m[K
 |          |          |                     |          |                                |                                            |                                                                                                                   
 |          |          |                     |          |                                |                                            |          [01;34m[K/-----------------------------------------------------------------+ Ficedula albicollis (#3 - Functional) #0.59504         [m[K
 |          |          |                     |          |                                |                                            |          |                                                                                                        
 |          |          |                     |          |                                |                                 /----------+ #0.727479|                     [01;34m[K/-------------------------------------------+ Corvus moneduloides (#3 - Functional) #0.59504         [m[K
 |          |          |                     |          |                                |                                 |          |          |                     |                                                                                  
 |          |          |                     |          |                                |                                 |          |          |                     |                                [01;34m[K/----------+ Taeniopygia guttata (#3 - Functional) #0.59504         [m[K
 |          |          |                     \----------+ #0.727479                      |                                 |          \----------+ #0.727479/----------+ #0.727479           /----------+ #0.59504                                        
 |          |          |                                |                                |                                 |                     |          |          |          /----------+ #0.59504 [01;34m[K\----------+ Lonchura striata domestica (#3 - Functional) #0.59504  [m[K
 |          |          |                                |                                |                                 |                     |          |          |          |          |                                                            
 |          |          |                                |                     /----------+ #0.727479                       |                     |          |          |          |          [01;34m[K\---------------------+ Erythrura gouldiae (#3 - Functional) #0.59504          [m[K
 |          |          |                                |                     |          |                                 |                     |          |          \----------+ #0.727479                                                             
 |          |          |                                |                     |          |                                 |                     |          |                     |          [01;31m[K/---------------------+ Geospiza fortis (Unlabelled) #0.727479            [m[K
 |          |          |                                |                     |          |                      /----------+ #0.727479           \----------+ #0.727479           \----------+ #0.727479                                                  
 |          |          |                                |                     |          |                      |          |                                |                                [01;31m[K\---------------------+ Camarhynchus parvulus (Unlabelled) #0.727479      [m[K
 |          |          |                                |                     |          |                      |          |                                |                                                                                             
 |          |          |                                |                     |          |                      |          |                                |                     [01;34m[K/--------------------------------+ Zonotrichia albicollis (#3 - Functional) #0.59504      [m[K
 |          |          |                                |                     |          |                      |          |                                |          /----------+ #0.59504                                                              
 |          |          |                                |                     |          |          /-----------+ #0.727479|                                \----------+ #0.59504 [01;34m[K\--------------------------------+ Serinus canaria (#3 - Functional) #0.59504             [m[K
 |          |          |                                |          /----------+ #0.727479|          |           |          |                                           |                                                                                  
 |          |          |                                |          |          |          |          |           |          |                                           [01;34m[K\-------------------------------------------+ Passer domesticus (#3 - Functional) #0.59504           [m[K
 |          |          |                                |          |          |          |          |           |          |                                                                                                                              
 |          |          |                                |          |          |          \----------+ #0.727479 |          [01;34m[K\---------------------------------------------------------------------------------------+ Manacus vitellinus (#3 - Functional) #0.59504          [m[K
 |          |          |                                |          |          |                     |           |                                                                                                                                         
 |          |          |                                \----------+ #0.727479|                     |           [01;34m[K\--------------------------------------------------------------------------------------------------+ Acanthisitta chloris (#3 - Functional) #0.59504        [m[K
 |          |          |                                           |          |                     |                                                                                                                                                     
 |          |          |                                           |          |                     [01;34m[K\--------------------------------------------------------------------------------------------------------------+ Malurus cyaneus samueli (#3 - Functional) #0.59504     [m[K
 |          |          |                                           |          |                                                                                                                                                                           
 \----------+ #0.727479|                                           |          [01;34m[K\------------------------------------------------------------------------------------------------------------------------------------+ Falco cherrug (#3 - Functional) #0.59504               [m[K
            |          |                                           |                                                                                                                                                                                      
            |          |                                           [01;34m[K\-----------------------------------------------------------------------------------------------------------------------------------------------+ Cariama cristata (#3 - Functional) #0.59504            [m[K
            |          |                                                                                                                                                                                                                                  
            |          |          [01;31m[K/--------------------------------------------------------------------------------------------------------------------------------------------------------------------------------+ Chlamydotis macqueenii (Unlabelled) #0.727479     [m[K
            |          \----------+ #0.727479                                                                                                                                                                                                             
            |                     [01;31m[K\--------------------------------------------------------------------------------------------------------------------------------------------------------------------------------+ Cuculus canorus (Unlabelled) #0.727479            [m[K
            |                                                                                                                                                                                                                                             
            |                                [01;34m[K/---------------------------------------------------------------------------------------------------------------------------------------------------------------------+ Anas platyrhynchos (#3 - Functional) #0.59504          [m[K
            |                     /----------+ #0.59504                                                                                                                                                                                                   
            |          /----------+ #0.59504 [01;34m[K\---------------------------------------------------------------------------------------------------------------------------------------------------------------------+ Aythya fuligula (#3 - Functional) #0.59504             [m[K
            |          |          |                                                                                                                                                                                                                       
            |          |          [01;34m[K\--------------------------------------------------------------------------------------------------------------------------------------------------------------------------------+ Anser cygnoides (#3 - Functional) #0.59504             [m[K
            |          |                                                                                                                                                                                                                                  
            |          |                                                      [01;32m[K/------------------------------------------------------------------------------------------------------------------------------------+ Coturnix japonica (#1 - Pseudo) #0.621432          [m[K
            |          |                                                      |                                                                                                                                                                           
            |          |                                                      |                                            [01;32m[K/---------------------------------------------------------------------------------------+ Phasianus colchicus (#1 - Pseudo) #0.621432        [m[K
            |          |                                                      |                                 /----------+ #0.621432                                                                                                                    
            |          |                                                      |                     /-----------+ #0.621432[01;32m[K\---------------------------------------------------------------------------------------+ Chrysolophus pictus (#1 - Pseudo) #0.621432        [m[K
            |          |                                                      |                     |           |                                                                                                                                         
            |          |                                                      |                     |           [01;32m[K\--------------------------------------------------------------------------------------------------+ Syrmaticus mikado (#1 - Pseudo) #0.621432          [m[K
            |          |                                           /----------+ #0.621432           |                                                                                                                                                     
            |          |                                           |          |          /----------+ #0.621432            [01;32m[K/---------------------------------------------------------------------------------------+ Lagopus leucura (#1 - Pseudo) #0.621432            [m[K
            |          |                                           |          |          |          |           /----------+ #0.621432                                                                                                                    
            |          |                                           |          |          |          |           |          [01;32m[K\---------------------------------------------------------------------------------------+ Lagopus muta (#1 - Pseudo) #0.621432               [m[K
            |          |                                           |          |          |          \-----------+ #0.621432                                                                                                                               
            |          |                                           |          |          |                      |          [01;32m[K/---------------------------------------------------------------------------------------+ Tympanuchus cupido (#1 - Pseudo) #0.621432         [m[K
            |          |                                           |          |          |                      |          |                                                                                                                              
            \----------+ #0.727479                                 |          \----------+ #0.621432            \----------+ #0.621432[01;32m[K/----------------------------------------------------------------------------+ Centrocercus urophasianus (#1 - Pseudo) #0.621432  [m[K
                       |                                           |                     |                                 \----------+ #0.621432                                                                                                         
                       |                                           |                     |                                            [01;32m[K\----------------------------------------------------------------------------+ Centrocercus minimus (#1 - Pseudo) #0.621432       [m[K
                       |                                /----------+ #0.621432           |                                                                                                                                                                
                       |                                |          |                     |                      [01;32m[K/--------------------------------------------------------------------------------------------------+ Pavo cristatus (#1 - Pseudo) #0.621432             [m[K
                       |                                |          |                     |          /-----------+ #0.621432                                                                                                                               
                       |                                |          |                     |          |           [01;32m[K\--------------------------------------------------------------------------------------------------+ Pavo muticus (#1 - Pseudo) #0.621432               [m[K
                       |                                |          |                     \----------+ #0.621432                                                                                                                                           
                       |                                |          |                                |           [01;32m[K/--------------------------------------------------------------------------------------------------+ Bambusicola thoracicus (#1 - Pseudo) #0.621432     [m[K
                       |                                |          |                                \-----------+ #0.621432                                                                                                                               
                       |                     /----------+ #0.840559|                                            [01;32m[K\--------------------------------------------------------------------------------------------------+ Gallus gallus (#1 - Pseudo) #0.621432              [m[K
                       |                     |          |          |                                                                                                                                                                                      
                       |                     |          |          |          [01;32m[K/------------------------------------------------------------------------------------------------------------------------------------+ Callipepla squamata (#1 - Pseudo) #0.621432        [m[K
                       |                     |          |          \----------+ #0.621432                                                                                                                                                                 
                       |          /----------+ #0.727479|                     [01;32m[K\------------------------------------------------------------------------------------------------------------------------------------+ Odontophorus gujanensis (#1 - Pseudo) #0.621432    [m[K
                       |          |          |          |                                                                                                                                                                                                 
                       |          |          |          [01;32m[K\----------------------------------------------------------------------------------------------------------------------------------------------------------+ Numida meleagris (#1 - Pseudo) #0.621432           [m[K
                       \----------+ #0.727479|                                                                                                                                                                                                            
                                  |          [01;33m[K\---------------------------------------------------------------------------------------------------------------------------------------------------------------------+ Penelope pileata (#2 - Mixed) #0.840559           [m[K
                                  |                                                                                                                                                                                                                       
                                  [01;34m[K\--------------------------------------------------------------------------------------------------------------------------------------------------------------------------------+ Alectura lathami (#3 - Functional) #0.59504            [m[K
                                                                                                                                                                                                                                                          
